
print:
0: 
1: 
2: (41; 1), (2; 2), (15; 2), 
3: (3; 1), 
4: (17; 5), 
5: 
6: 
7: 
8: 
9: 
10: 
11: 
12: (64; 2), 

print:
0: 
1: 
2: (41; 1), (15; 2), 
3: (3; 1), 
4: (17; 5), 
5: 
6: 
7: 
8: 
9: 
10: 
11: 
12: (64; 2), 

9 is not found 

min: 3

found: (17, 5) 

max: 64
